127.0.0.1 - - [02/Aug/2021:13:07:55 +0900] "GET / HTTP/1.1" 404 807
0:0:0:0:0:0:0:1 - - [02/Aug/2021:13:08:01 +0900] "GET /practice/home HTTP/1.1" 404 824
0:0:0:0:0:0:0:1 - - [02/Aug/2021:13:08:01 +0900] "GET /favicon.ico HTTP/1.1" 404 818
0:0:0:0:0:0:0:1 - - [02/Aug/2021:13:08:07 +0900] "GET /dbpractice/home HTTP/1.1" 404 826
0:0:0:0:0:0:0:1 - - [02/Aug/2021:13:08:37 +0900] "GET /dbpractice/home HTTP/1.1" 404 826
127.0.0.1 - - [02/Aug/2021:13:09:23 +0900] "GET / HTTP/1.1" 404 807
127.0.0.1 - - [02/Aug/2021:13:11:01 +0900] "GET / HTTP/1.1" 404 807
127.0.0.1 - - [02/Aug/2021:13:20:38 +0900] "GET / HTTP/1.1" 404 807
127.0.0.1 - - [02/Aug/2021:13:22:13 +0900] "GET / HTTP/1.1" 404 807
0:0:0:0:0:0:0:1 - - [02/Aug/2021:13:23:47 +0900] "GET /practice/food/ HTTP/1.1" 404 829
0:0:0:0:0:0:0:1 - - [02/Aug/2021:13:23:47 +0900] "GET /favicon.ico HTTP/1.1" 404 818
0:0:0:0:0:0:0:1 - - [02/Aug/2021:13:23:55 +0900] "GET /practice/food/CRUD HTTP/1.1" 404 833
0:0:0:0:0:0:0:1 - - [02/Aug/2021:13:24:37 +0900] "GET /practice/food/CRUD HTTP/1.1" 404 833
0:0:0:0:0:0:0:1 - - [02/Aug/2021:13:24:39 +0900] "GET /practice/food/CRUD HTTP/1.1" 404 833
127.0.0.1 - - [02/Aug/2021:13:24:51 +0900] "GET / HTTP/1.1" 404 807
0:0:0:0:0:0:0:1 - - [02/Aug/2021:13:24:58 +0900] "GET /dbpractice/food/CRUD HTTP/1.1" 404 835
0:0:0:0:0:0:0:1 - - [02/Aug/2021:13:25:35 +0900] "GET /dbpractice/home HTTP/1.1" 404 826
0:0:0:0:0:0:0:1 - - [02/Aug/2021:13:26:31 +0900] "GET /dbpractice/home HTTP/1.1" 404 826
127.0.0.1 - - [02/Aug/2021:13:26:38 +0900] "GET / HTTP/1.1" 404 807
167.248.133.40 - - [02/Aug/2021:13:29:13 +0900] "-" 400 2101
167.248.133.40 - - [02/Aug/2021:13:29:15 +0900] "GET / HTTP/1.1" 404 807
167.248.133.40 - - [02/Aug/2021:13:29:15 +0900] "GET / HTTP/1.1" 404 807
127.0.0.1 - - [02/Aug/2021:13:34:15 +0900] "GET / HTTP/1.1" 404 807
0:0:0:0:0:0:0:1 - - [02/Aug/2021:13:34:23 +0900] "GET /dbpractice/home HTTP/1.1" 404 721
0:0:0:0:0:0:0:1 - - [02/Aug/2021:13:34:26 +0900] "GET /dbpractice/home HTTP/1.1" 404 721
0:0:0:0:0:0:0:1 - - [02/Aug/2021:13:34:35 +0900] "GET /dbpractice/home/CRUD HTTP/1.1" 404 721
0:0:0:0:0:0:0:1 - - [02/Aug/2021:13:35:11 +0900] "GET /dbpractice/food/CRUD HTTP/1.1" 200 398
127.0.0.1 - - [02/Aug/2021:13:38:34 +0900] "GET / HTTP/1.1" 404 807
0:0:0:0:0:0:0:1 - - [02/Aug/2021:13:38:35 +0900] "GET /dbpractice/food/CRUD HTTP/1.1" 200 415
0:0:0:0:0:0:0:1 - - [02/Aug/2021:13:38:36 +0900] "GET /dbpractice/food/plus HTTP/1.1" 404 721
127.0.0.1 - - [02/Aug/2021:13:40:36 +0900] "GET / HTTP/1.1" 404 807
0:0:0:0:0:0:0:1 - - [02/Aug/2021:13:40:38 +0900] "GET /dbpractice/food/plus HTTP/1.1" 404 721
0:0:0:0:0:0:0:1 - - [02/Aug/2021:13:40:47 +0900] "GET /dbpractice/food/CRUD HTTP/1.1" 200 415
0:0:0:0:0:0:0:1 - - [02/Aug/2021:13:40:49 +0900] "GET /dbpractice/food/plus HTTP/1.1" 404 721
127.0.0.1 - - [02/Aug/2021:13:41:49 +0900] "GET / HTTP/1.1" 404 807
0:0:0:0:0:0:0:1 - - [02/Aug/2021:13:41:53 +0900] "GET /dbpractice/food/plus HTTP/1.1" 200 129
0:0:0:0:0:0:0:1 - - [02/Aug/2021:13:41:57 +0900] "GET /dbpractice/food/plus HTTP/1.1" 200 129
0:0:0:0:0:0:0:1 - - [02/Aug/2021:13:45:48 +0900] "GET /dbpractice/food/plus HTTP/1.1" 200 512
0:0:0:0:0:0:0:1 - - [02/Aug/2021:13:45:57 +0900] "GET /dbpractice/food/plus HTTP/1.1" 200 512
127.0.0.1 - - [02/Aug/2021:13:46:30 +0900] "GET / HTTP/1.1" 404 807
0:0:0:0:0:0:0:1 - - [02/Aug/2021:13:46:33 +0900] "GET /dbpractice/food/plus HTTP/1.1" 200 512
0:0:0:0:0:0:0:1 - - [02/Aug/2021:13:46:35 +0900] "POST /dbpractice/food/food/plus HTTP/1.1" 404 721
127.0.0.1 - - [02/Aug/2021:13:47:01 +0900] "GET / HTTP/1.1" 404 807
0:0:0:0:0:0:0:1 - - [02/Aug/2021:13:47:08 +0900] "POST /dbpractice/food/food/plus HTTP/1.1" 404 721
0:0:0:0:0:0:0:1 - - [02/Aug/2021:13:47:11 +0900] "POST /dbpractice/food/food/plus HTTP/1.1" 404 721
0:0:0:0:0:0:0:1 - - [02/Aug/2021:13:47:13 +0900] "GET /dbpractice/food/plus HTTP/1.1" 200 508
0:0:0:0:0:0:0:1 - - [02/Aug/2021:13:47:15 +0900] "POST /plus HTTP/1.1" 404 811
127.0.0.1 - - [02/Aug/2021:13:47:29 +0900] "GET / HTTP/1.1" 404 807
0:0:0:0:0:0:0:1 - - [02/Aug/2021:13:47:37 +0900] "GET /dbpractice/food/plus HTTP/1.1" 200 509
0:0:0:0:0:0:0:1 - - [02/Aug/2021:13:47:40 +0900] "POST /dbpractice/food/plus HTTP/1.1" 200 509
127.0.0.1 - - [02/Aug/2021:14:01:14 +0900] "GET / HTTP/1.1" 404 807
0:0:0:0:0:0:0:1 - - [02/Aug/2021:14:01:18 +0900] "POST /dbpractice/food/plus HTTP/1.1" 400 843
0:0:0:0:0:0:0:1 - - [02/Aug/2021:14:01:20 +0900] "POST /dbpractice/food/plus HTTP/1.1" 400 843
0:0:0:0:0:0:0:1 - - [02/Aug/2021:14:01:24 +0900] "GET /dbpractice/food/ HTTP/1.1" 404 721
0:0:0:0:0:0:0:1 - - [02/Aug/2021:14:01:29 +0900] "GET /dbpractice/food/CRUD HTTP/1.1" 200 418
0:0:0:0:0:0:0:1 - - [02/Aug/2021:14:01:30 +0900] "GET /dbpractice/food/plus HTTP/1.1" 200 509
0:0:0:0:0:0:0:1 - - [02/Aug/2021:14:01:46 +0900] "POST /dbpractice/food/plus HTTP/1.1" 200 509
0:0:0:0:0:0:0:1 - - [02/Aug/2021:14:02:44 +0900] "GET /dbpractice/food/plus HTTP/1.1" 200 509
0:0:0:0:0:0:0:1 - - [02/Aug/2021:14:02:45 +0900] "GET /dbpractice/food/plus HTTP/1.1" 200 509
0:0:0:0:0:0:0:1 - - [02/Aug/2021:14:02:50 +0900] "POST /dbpractice/food/plus HTTP/1.1" 200 509
127.0.0.1 - - [02/Aug/2021:14:03:34 +0900] "GET / HTTP/1.1" 404 807
0:0:0:0:0:0:0:1 - - [02/Aug/2021:14:03:42 +0900] "GET /dbpractice/food/plus HTTP/1.1" 200 526
0:0:0:0:0:0:0:1 - - [02/Aug/2021:14:03:52 +0900] "POST /dbpractice/food/plus HTTP/1.1" 200 526
0:0:0:0:0:0:0:1 - - [02/Aug/2021:14:07:46 +0900] "GET /dbpractice/food/serach HTTP/1.1" 404 721
0:0:0:0:0:0:0:1 - - [02/Aug/2021:14:08:10 +0900] "GET /dbpractice/food/serach HTTP/1.1" 404 833
0:0:0:0:0:0:0:1 - - [02/Aug/2021:14:08:15 +0900] "GET /dbpractice/food/search HTTP/1.1" 200 136
0:0:0:0:0:0:0:1 - - [02/Aug/2021:14:08:19 +0900] "GET /dbpractice/food/ HTTP/1.1" 404 721
0:0:0:0:0:0:0:1 - - [02/Aug/2021:14:08:25 +0900] "GET /dbpractice/food/CRUD HTTP/1.1" 200 508
0:0:0:0:0:0:0:1 - - [02/Aug/2021:14:08:26 +0900] "GET /dbpractice/food/search HTTP/1.1" 200 136
0:0:0:0:0:0:0:1 - - [02/Aug/2021:14:13:18 +0900] "GET /dbpractice/food HTTP/1.1" 404 721
0:0:0:0:0:0:0:1 - - [02/Aug/2021:14:13:21 +0900] "GET /dbpractice/food/CRUD HTTP/1.1" 200 508
0:0:0:0:0:0:0:1 - - [02/Aug/2021:14:13:22 +0900] "GET /dbpractice/food/search HTTP/1.1" 500 4124
0:0:0:0:0:0:0:1 - - [02/Aug/2021:14:13:28 +0900] "GET /dbpractice/food/search HTTP/1.1" 500 4405
0:0:0:0:0:0:0:1 - - [02/Aug/2021:14:13:53 +0900] "GET /dbpractice/food/search HTTP/1.1" 500 4405
0:0:0:0:0:0:0:1 - - [02/Aug/2021:14:13:57 +0900] "GET /dbpractice/food/search HTTP/1.1" 500 4405
0:0:0:0:0:0:0:1 - - [02/Aug/2021:14:13:58 +0900] "GET /dbpractice/food/CRUD HTTP/1.1" 200 508
0:0:0:0:0:0:0:1 - - [02/Aug/2021:14:13:58 +0900] "GET /dbpractice/food/search HTTP/1.1" 500 4405
0:0:0:0:0:0:0:1 - - [02/Aug/2021:14:14:01 +0900] "GET /dbpractice/food/plus HTTP/1.1" 200 526
0:0:0:0:0:0:0:1 - - [02/Aug/2021:14:14:03 +0900] "GET /dbpractice/food/search HTTP/1.1" 500 4405
0:0:0:0:0:0:0:1 - - [02/Aug/2021:14:14:34 +0900] "GET /dbpractice/food/CRUD HTTP/1.1" 200 508
0:0:0:0:0:0:0:1 - - [02/Aug/2021:14:14:35 +0900] "GET /dbpractice/food/search HTTP/1.1" 500 4405
0:0:0:0:0:0:0:1 - - [02/Aug/2021:14:15:27 +0900] "GET /dbpractice/food/search HTTP/1.1" 500 4405
0:0:0:0:0:0:0:1 - - [02/Aug/2021:14:15:29 +0900] "GET /dbpractice/food/search HTTP/1.1" 500 4405
0:0:0:0:0:0:0:1 - - [02/Aug/2021:14:15:51 +0900] "GET /dbpractice/food/search HTTP/1.1" 500 4405
127.0.0.1 - - [02/Aug/2021:14:16:00 +0900] "GET / HTTP/1.1" 404 807
0:0:0:0:0:0:0:1 - - [02/Aug/2021:14:16:30 +0900] "GET /dbpractice/food/search HTTP/1.1" 500 4404
0:0:0:0:0:0:0:1 - - [02/Aug/2021:14:16:31 +0900] "GET /dbpractice/food/search HTTP/1.1" 500 4404
127.0.0.1 - - [02/Aug/2021:14:16:55 +0900] "GET / HTTP/1.1" 404 807
0:0:0:0:0:0:0:1 - - [02/Aug/2021:14:16:59 +0900] "GET /dbpractice/food/search HTTP/1.1" 500 4404
0:0:0:0:0:0:0:1 - - [02/Aug/2021:14:16:59 +0900] "GET /dbpractice/food/CRUD HTTP/1.1" 200 510
0:0:0:0:0:0:0:1 - - [02/Aug/2021:14:20:38 +0900] "GET /dbpractice/food/CRUD HTTP/1.1" 200 510
0:0:0:0:0:0:0:1 - - [02/Aug/2021:14:20:39 +0900] "GET /dbpractice/food/search HTTP/1.1" 500 4404
0:0:0:0:0:0:0:1 - - [02/Aug/2021:14:20:40 +0900] "GET /dbpractice/food/plus HTTP/1.1" 200 526
0:0:0:0:0:0:0:1 - - [02/Aug/2021:14:20:42 +0900] "GET /dbpractice/food/search HTTP/1.1" 500 4404
0:0:0:0:0:0:0:1 - - [02/Aug/2021:14:20:44 +0900] "GET /dbpractice/food/plus HTTP/1.1" 200 526
127.0.0.1 - - [02/Aug/2021:14:21:59 +0900] "GET / HTTP/1.1" 404 807
0:0:0:0:0:0:0:1 - - [02/Aug/2021:14:22:00 +0900] "GET /dbpractice/food/CRUD HTTP/1.1" 200 510
0:0:0:0:0:0:0:1 - - [02/Aug/2021:14:22:01 +0900] "GET /dbpractice/food/search HTTP/1.1" 200 165
0:0:0:0:0:0:0:1 - - [02/Aug/2021:14:25:08 +0900] "GET /dbpractice/food/CRUD HTTP/1.1" 200 510
0:0:0:0:0:0:0:1 - - [02/Aug/2021:14:25:09 +0900] "GET /dbpractice/food/search HTTP/1.1" 500 4405
0:0:0:0:0:0:0:1 - - [02/Aug/2021:14:25:17 +0900] "GET /dbpractice/food/search HTTP/1.1" 500 4405
0:0:0:0:0:0:0:1 - - [02/Aug/2021:14:25:18 +0900] "GET /dbpractice/food/search HTTP/1.1" 500 4405
127.0.0.1 - - [02/Aug/2021:14:25:27 +0900] "GET / HTTP/1.1" 404 807
0:0:0:0:0:0:0:1 - - [02/Aug/2021:14:25:30 +0900] "GET /dbpractice/food/search HTTP/1.1" 500 4404
127.0.0.1 - - [02/Aug/2021:14:26:20 +0900] "GET / HTTP/1.1" 404 807
0:0:0:0:0:0:0:1 - - [02/Aug/2021:14:26:22 +0900] "GET /dbpractice/food/search HTTP/1.1" 200 165
127.0.0.1 - - [02/Aug/2021:14:35:36 +0900] "GET / HTTP/1.1" 404 807
0:0:0:0:0:0:0:1 - - [02/Aug/2021:14:35:43 +0900] "GET /dbpractice/food/search HTTP/1.1" 200 165
127.0.0.1 - - [02/Aug/2021:14:36:14 +0900] "GET / HTTP/1.1" 404 807
0:0:0:0:0:0:0:1 - - [02/Aug/2021:14:36:17 +0900] "GET /dbpractice/food/search HTTP/1.1" 200 172
127.0.0.1 - - [02/Aug/2021:14:38:32 +0900] "GET / HTTP/1.1" 404 807
0:0:0:0:0:0:0:1 - - [02/Aug/2021:14:38:35 +0900] "GET /dbpractice/food/CRUD HTTP/1.1" 200 510
0:0:0:0:0:0:0:1 - - [02/Aug/2021:14:38:36 +0900] "GET /dbpractice/food/search HTTP/1.1" 500 12586
0:0:0:0:0:0:0:1 - - [02/Aug/2021:14:40:12 +0900] "GET /dbpractice/food/CRUD HTTP/1.1" 200 510
127.0.0.1 - - [02/Aug/2021:14:40:21 +0900] "GET / HTTP/1.1" 404 807
0:0:0:0:0:0:0:1 - - [02/Aug/2021:14:40:22 +0900] "GET /dbpractice/food/CRUD HTTP/1.1" 200 510
0:0:0:0:0:0:0:1 - - [02/Aug/2021:14:40:24 +0900] "GET /dbpractice/food/search HTTP/1.1" 200 162
127.0.0.1 - - [02/Aug/2021:14:41:42 +0900] "GET / HTTP/1.1" 404 807
0:0:0:0:0:0:0:1 - - [02/Aug/2021:14:41:45 +0900] "GET /dbpractice/food/CRUD HTTP/1.1" 200 510
0:0:0:0:0:0:0:1 - - [02/Aug/2021:14:41:47 +0900] "GET /dbpractice/food/search HTTP/1.1" 200 177
127.0.0.1 - - [02/Aug/2021:14:43:10 +0900] "GET / HTTP/1.1" 404 807
0:0:0:0:0:0:0:1 - - [02/Aug/2021:14:43:13 +0900] "GET /dbpractice/food/CRUD HTTP/1.1" 200 510
0:0:0:0:0:0:0:1 - - [02/Aug/2021:14:43:13 +0900] "GET /dbpractice/food/CRUD HTTP/1.1" 200 510
0:0:0:0:0:0:0:1 - - [02/Aug/2021:14:43:14 +0900] "GET /dbpractice/food/search HTTP/1.1" 200 177
127.0.0.1 - - [02/Aug/2021:14:44:21 +0900] "GET / HTTP/1.1" 404 807
0:0:0:0:0:0:0:1 - - [02/Aug/2021:14:44:27 +0900] "GET /dbpractice/food/search HTTP/1.1" 200 565
127.0.0.1 - - [02/Aug/2021:14:46:08 +0900] "GET / HTTP/1.1" 404 807
0:0:0:0:0:0:0:1 - - [02/Aug/2021:14:46:09 +0900] "GET /dbpractice/food/search HTTP/1.1" 200 181
0:0:0:0:0:0:0:1 - - [02/Aug/2021:14:46:25 +0900] "GET /dbpractice/food/CRUD HTTP/1.1" 200 510
0:0:0:0:0:0:0:1 - - [02/Aug/2021:14:46:27 +0900] "GET /dbpractice/food/search HTTP/1.1" 200 569
